// Jest Snapshot v1, https://goo.gl/fbAQLP

exports[`Footer test <Footer /> Should Defined and render <Footer /> component 1`] = `ShallowWrapper {}`;
