// Jest Snapshot v1, https://goo.gl/fbAQLP

exports[`Header test <Header /> Should Defined and render <Header /> component 1`] = `ShallowWrapper {}`;
