// Jest Snapshot v1, https://goo.gl/fbAQLP

exports[`ListTable test <ListTable /> Should Defined and render <ListTable /> component 1`] = `ShallowWrapper {}`;
