// Jest Snapshot v1, https://goo.gl/fbAQLP

exports[`Home test <Home /> Should Defined and render <Home /> component 1`] = `ShallowWrapper {}`;
